Archive member included to satisfy reference by file (symbol)

c:/program files (x86)/atmel/studio/7.0/toolchain/avr8/avr8-gnu-toolchain/bin/../lib/gcc/avr/5.4.0/avr5\libgcc.a(_udivmodsi4.o)
                              ATmega328.o (__udivmodsi4)
c:/program files (x86)/atmel/studio/7.0/toolchain/avr8/avr8-gnu-toolchain/bin/../lib/gcc/avr/5.4.0/avr5\libgcc.a(_exit.o)
                              C:/Program Files (x86)/Atmel/Studio/7.0/Packs/atmel/ATmega_DFP/1.3.300/gcc/dev/atmega328p/avr5/crtatmega328p.o (exit)
c:/program files (x86)/atmel/studio/7.0/toolchain/avr8/avr8-gnu-toolchain/bin/../lib/gcc/avr/5.4.0/avr5\libgcc.a(_tablejump2.o)
                              ATmega328.o (__tablejump2__)
c:/program files (x86)/atmel/studio/7.0/toolchain/avr8/avr8-gnu-toolchain/bin/../lib/gcc/avr/5.4.0/avr5\libgcc.a(_copy_data.o)
                              Access_Control.o (__do_copy_data)
c:/program files (x86)/atmel/studio/7.0/toolchain/avr8/avr8-gnu-toolchain/bin/../lib/gcc/avr/5.4.0/avr5\libgcc.a(_clear_bss.o)
                              Access_Control.o (__do_clear_bss)
c:/program files (x86)/atmel/studio/7.0/toolchain/avr8/avr8-gnu-toolchain/bin/../lib/gcc/avr/5.4.0/avr5\libgcc.a(_ashrdi3.o)
                              ATmega328.o (__lshrdi3)
c:/program files (x86)/atmel/studio/7.0/toolchain/avr8/avr8-gnu-toolchain/bin/../lib/gcc/avr/5.4.0/../../../../avr/lib/avr5\libc.a(malloc.o)
                              keypad.o (free)
c:/program files (x86)/atmel/studio/7.0/toolchain/avr8/avr8-gnu-toolchain/bin/../lib/gcc/avr/5.4.0/../../../../avr/lib/avr5\libc.a(realloc.o)
                              keypad.o (realloc)
c:/program files (x86)/atmel/studio/7.0/toolchain/avr8/avr8-gnu-toolchain/bin/../lib/gcc/avr/5.4.0/../../../../avr/lib/avr5\libc.a(memcpy.o)
                              c:/program files (x86)/atmel/studio/7.0/toolchain/avr8/avr8-gnu-toolchain/bin/../lib/gcc/avr/5.4.0/../../../../avr/lib/avr5\libc.a(realloc.o) (memcpy)
c:/program files (x86)/atmel/studio/7.0/toolchain/avr8/avr8-gnu-toolchain/bin/../lib/gcc/avr/5.4.0/../../../../avr/lib/avr5\libc.a(iob.o)
                              ATmega328.o (__iob)
c:/program files (x86)/atmel/studio/7.0/toolchain/avr8/avr8-gnu-toolchain/bin/../lib/gcc/avr/5.4.0/../../../../avr/lib/avr5\libc.a(printf.o)
                              Access_Control.o (printf)
c:/program files (x86)/atmel/studio/7.0/toolchain/avr8/avr8-gnu-toolchain/bin/../lib/gcc/avr/5.4.0/../../../../avr/lib/avr5\libc.a(putchar.o)
                              Access_Control.o (putchar)
c:/program files (x86)/atmel/studio/7.0/toolchain/avr8/avr8-gnu-toolchain/bin/../lib/gcc/avr/5.4.0/../../../../avr/lib/avr5\libc.a(puts.o)
                              Access_Control.o (puts)
c:/program files (x86)/atmel/studio/7.0/toolchain/avr8/avr8-gnu-toolchain/bin/../lib/gcc/avr/5.4.0/../../../../avr/lib/avr5\libc.a(vfprintf_std.o)
                              c:/program files (x86)/atmel/studio/7.0/toolchain/avr8/avr8-gnu-toolchain/bin/../lib/gcc/avr/5.4.0/../../../../avr/lib/avr5\libc.a(printf.o) (vfprintf)
c:/program files (x86)/atmel/studio/7.0/toolchain/avr8/avr8-gnu-toolchain/bin/../lib/gcc/avr/5.4.0/../../../../avr/lib/avr5\libc.a(strnlen_P.o)
                              c:/program files (x86)/atmel/studio/7.0/toolchain/avr8/avr8-gnu-toolchain/bin/../lib/gcc/avr/5.4.0/../../../../avr/lib/avr5\libc.a(vfprintf_std.o) (strnlen_P)
c:/program files (x86)/atmel/studio/7.0/toolchain/avr8/avr8-gnu-toolchain/bin/../lib/gcc/avr/5.4.0/../../../../avr/lib/avr5\libc.a(strnlen.o)
                              c:/program files (x86)/atmel/studio/7.0/toolchain/avr8/avr8-gnu-toolchain/bin/../lib/gcc/avr/5.4.0/../../../../avr/lib/avr5\libc.a(vfprintf_std.o) (strnlen)
c:/program files (x86)/atmel/studio/7.0/toolchain/avr8/avr8-gnu-toolchain/bin/../lib/gcc/avr/5.4.0/../../../../avr/lib/avr5\libc.a(fputc.o)
                              c:/program files (x86)/atmel/studio/7.0/toolchain/avr8/avr8-gnu-toolchain/bin/../lib/gcc/avr/5.4.0/../../../../avr/lib/avr5\libc.a(putchar.o) (fputc)
c:/program files (x86)/atmel/studio/7.0/toolchain/avr8/avr8-gnu-toolchain/bin/../lib/gcc/avr/5.4.0/../../../../avr/lib/avr5\libc.a(ultoa_invert.o)
                              c:/program files (x86)/atmel/studio/7.0/toolchain/avr8/avr8-gnu-toolchain/bin/../lib/gcc/avr/5.4.0/../../../../avr/lib/avr5\libc.a(vfprintf_std.o) (__ultoa_invert)
c:/program files (x86)/atmel/studio/7.0/toolchain/avr8/avr8-gnu-toolchain/bin/../lib/gcc/avr/5.4.0/avr5\libgcc.a(_prologue.o)
                              c:/program files (x86)/atmel/studio/7.0/toolchain/avr8/avr8-gnu-toolchain/bin/../lib/gcc/avr/5.4.0/../../../../avr/lib/avr5\libc.a(realloc.o) (__prologue_saves__)
c:/program files (x86)/atmel/studio/7.0/toolchain/avr8/avr8-gnu-toolchain/bin/../lib/gcc/avr/5.4.0/avr5\libgcc.a(_epilogue.o)
                              c:/program files (x86)/atmel/studio/7.0/toolchain/avr8/avr8-gnu-toolchain/bin/../lib/gcc/avr/5.4.0/../../../../avr/lib/avr5\libc.a(realloc.o) (__epilogue_restores__)

Allocating common symbols
Common symbol       size              file

systemFlags         0x1               Access_Control.o
__brkval            0x2               c:/program files (x86)/atmel/studio/7.0/toolchain/avr8/avr8-gnu-toolchain/bin/../lib/gcc/avr/5.4.0/../../../../avr/lib/avr5\libc.a(malloc.o)
usartReceiverBuffer
                    0x32              ATmega328.o
usartReceiverBufferNextWrite
                    0x1               ATmega328.o
__flp               0x2               c:/program files (x86)/atmel/studio/7.0/toolchain/avr8/avr8-gnu-toolchain/bin/../lib/gcc/avr/5.4.0/../../../../avr/lib/avr5\libc.a(malloc.o)
usartReceiverBufferLength
                    0x1               ATmega328.o
usartReceiverBufferNextRead
                    0x1               ATmega328.o
__iob               0x6               c:/program files (x86)/atmel/studio/7.0/toolchain/avr8/avr8-gnu-toolchain/bin/../lib/gcc/avr/5.4.0/../../../../avr/lib/avr5\libc.a(iob.o)

Discarded input sections

 .data          0x00000000        0x0 C:/Program Files (x86)/Atmel/Studio/7.0/Packs/atmel/ATmega_DFP/1.3.300/gcc/dev/atmega328p/avr5/crtatmega328p.o
 .bss           0x00000000        0x0 C:/Program Files (x86)/Atmel/Studio/7.0/Packs/atmel/ATmega_DFP/1.3.300/gcc/dev/atmega328p/avr5/crtatmega328p.o
 .group         0x00000000        0x8 Access_Control.o
 .group         0x00000000        0x8 Access_Control.o
 .group         0x00000000        0x8 Access_Control.o
 .group         0x00000000        0x8 Access_Control.o
 .group         0x00000000        0x8 Access_Control.o
 .group         0x00000000        0x8 Access_Control.o
 .group         0x00000000        0x8 Access_Control.o
 .group         0x00000000        0x8 Access_Control.o
 .group         0x00000000        0x8 Access_Control.o
 .group         0x00000000        0x8 Access_Control.o
 .group         0x00000000        0x8 Access_Control.o
 .group         0x00000000        0x8 Access_Control.o
 .group         0x00000000        0x8 Access_Control.o
 .group         0x00000000        0x8 Access_Control.o
 .group         0x00000000        0x8 Access_Control.o
 .group         0x00000000        0x8 Access_Control.o
 .group         0x00000000        0x8 Access_Control.o
 .group         0x00000000        0x8 Access_Control.o
 .group         0x00000000        0x8 Access_Control.o
 .group         0x00000000        0x8 Access_Control.o
 .group         0x00000000        0x8 Access_Control.o
 .group         0x00000000        0x8 Access_Control.o
 .group         0x00000000        0x8 Access_Control.o
 .group         0x00000000        0x8 Access_Control.o
 .group         0x00000000        0x8 Access_Control.o
 .group         0x00000000        0x8 Access_Control.o
 .group         0x00000000        0x8 Access_Control.o
 .group         0x00000000        0x8 Access_Control.o
 .group         0x00000000        0x8 Access_Control.o
 .text          0x00000000        0x0 Access_Control.o
 .data          0x00000000        0x0 Access_Control.o
 .bss           0x00000000        0x0 Access_Control.o
 .group         0x00000000        0x8 ATmega328.o
 .group         0x00000000        0x8 ATmega328.o
 .group         0x00000000        0x8 ATmega328.o
 .group         0x00000000        0x8 ATmega328.o
 .group         0x00000000        0x8 ATmega328.o
 .group         0x00000000        0x8 ATmega328.o
 .group         0x00000000        0x8 ATmega328.o
 .group         0x00000000        0x8 ATmega328.o
 .group         0x00000000        0x8 ATmega328.o
 .group         0x00000000        0x8 ATmega328.o
 .group         0x00000000        0x8 ATmega328.o
 .group         0x00000000        0x8 ATmega328.o
 .group         0x00000000        0x8 ATmega328.o
 .group         0x00000000        0x8 ATmega328.o
 .group         0x00000000        0x8 ATmega328.o
 .group         0x00000000        0x8 ATmega328.o
 .group         0x00000000        0x8 ATmega328.o
 .group         0x00000000        0x8 ATmega328.o
 .group         0x00000000        0x8 ATmega328.o
 .group         0x00000000        0x8 ATmega328.o
 .group         0x00000000        0x8 ATmega328.o
 .group         0x00000000        0x8 ATmega328.o
 .group         0x00000000        0x8 ATmega328.o
 .text          0x00000000        0x0 ATmega328.o
 .data          0x00000000        0x0 ATmega328.o
 .bss           0x00000000        0x0 ATmega328.o
 .text.usartReceiveStd
                0x00000000       0x12 ATmega328.o
 .text.globalInterruptEnable
                0x00000000        0x4 ATmega328.o
 .text.globalInterruptDisable
                0x00000000        0x4 ATmega328.o
 .text.systemClockSetPrescaler
                0x00000000       0x4c ATmega328.o
 .progmem.gcc_sw_table.systemClockSetPrescaler
                0x00000000       0x12 ATmega328.o
 .text.eepromReadyActivateInterrupt
                0x00000000        0x4 ATmega328.o
 .text.eepromReadyDeactivateInterrupt
                0x00000000        0x4 ATmega328.o
 .text.globalPullUpEnable
                0x00000000        0x8 ATmega328.o
 .text.pullUpDisable
                0x00000000        0x8 ATmega328.o
 .text.int0Config
                0x00000000       0x72 ATmega328.o
 .text.int0ActivateInterrupt
                0x00000000        0x4 ATmega328.o
 .text.int0DeactivateInterrupt
                0x00000000        0x4 ATmega328.o
 .text.int0ClearInterruptRequest
                0x00000000        0x4 ATmega328.o
 .text.int1Config
                0x00000000       0x72 ATmega328.o
 .text.int1ActivateInterrupt
                0x00000000        0x4 ATmega328.o
 .text.int1DeactivateInterrupt
                0x00000000        0x4 ATmega328.o
 .text.int1ClearInterruptRequest
                0x00000000        0x4 ATmega328.o
 .text.pcint7_0Enable
                0x00000000        0xc ATmega328.o
 .text.pcint7_0Disable
                0x00000000        0xc ATmega328.o
 .text.pcint7_0ClearInterruptRequest
                0x00000000        0x4 ATmega328.o
 .text.pcint0ActivateInterrupt
                0x00000000       0x42 ATmega328.o
 .text.pcint0DeactivateInterrupt
                0x00000000        0xc ATmega328.o
 .text.pcint1ActivateInterrupt
                0x00000000       0x42 ATmega328.o
 .text.pcint1DeactivateInterrupt
                0x00000000        0xc ATmega328.o
 .text.pcint2ActivateInterrupt
                0x00000000       0x42 ATmega328.o
 .text.pcint2DeactivateInterrupt
                0x00000000        0xc ATmega328.o
 .text.pcint3ActivateInterrupt
                0x00000000       0x42 ATmega328.o
 .text.pcint3DeactivateInterrupt
                0x00000000        0xc ATmega328.o
 .text.pcint4ActivateInterrupt
                0x00000000       0x42 ATmega328.o
 .text.pcint4DeactivateInterrupt
                0x00000000        0xc ATmega328.o
 .text.pcint5ActivateInterrupt
                0x00000000       0x42 ATmega328.o
 .text.pcint5DeactivateInterrupt
                0x00000000        0xc ATmega328.o
 .text.pcint6ActivateInterrupt
                0x00000000       0x42 ATmega328.o
 .text.pcint6DeactivateInterrupt
                0x00000000        0xc ATmega328.o
 .text.pcint7ActivateInterrupt
                0x00000000       0x42 ATmega328.o
 .text.pcint7DeactivateInterrupt
                0x00000000        0xc ATmega328.o
 .text.pcint14_8Enable
                0x00000000        0xc ATmega328.o
 .text.pcint14_8Disable
                0x00000000        0xc ATmega328.o
 .text.pcint14_8ClearInterruptRequest
                0x00000000        0x4 ATmega328.o
 .text.pcint8ActivateInterrupt
                0x00000000       0x42 ATmega328.o
 .text.pcint8DeactivateInterrupt
                0x00000000        0xc ATmega328.o
 .text.pcint9ActivateInterrupt
                0x00000000       0x42 ATmega328.o
 .text.pcint9DeactivateInterrupt
                0x00000000        0xc ATmega328.o
 .text.pcint10ActivateInterrupt
                0x00000000       0x42 ATmega328.o
 .text.pcint10DeactivateInterrupt
                0x00000000        0xc ATmega328.o
 .text.pcint11ActivateInterrupt
                0x00000000       0x42 ATmega328.o
 .text.pcint11DeactivateInterrupt
                0x00000000        0xc ATmega328.o
 .text.pcint12ActivateInterrupt
                0x00000000       0x42 ATmega328.o
 .text.pcint12DeactivateInterrupt
                0x00000000        0xc ATmega328.o
 .text.pcint13ActivateInterrupt
                0x00000000       0x42 ATmega328.o
 .text.pcint13DeactivateInterrupt
                0x00000000        0xc ATmega328.o
 .text.pcint14ActivateInterrupt
                0x00000000       0x42 ATmega328.o
 .text.pcint14DeactivateInterrupt
                0x00000000        0xc ATmega328.o
 .text.pcint23_16Enable
                0x00000000        0xc ATmega328.o
 .text.pcint23_16Disable
                0x00000000        0xc ATmega328.o
 .text.pcint23_16ClearInterruptRequest
                0x00000000        0x4 ATmega328.o
 .text.pcint16ActivateInterrupt
                0x00000000       0x42 ATmega328.o
 .text.pcint16DeactivateInterrupt
                0x00000000        0xc ATmega328.o
 .text.pcint17ActivateInterrupt
                0x00000000       0x42 ATmega328.o
 .text.pcint17DeactivateInterrupt
                0x00000000        0xc ATmega328.o
 .text.pcint18ActivateInterrupt
                0x00000000       0x42 ATmega328.o
 .text.pcint18DeactivateInterrupt
                0x00000000        0xc ATmega328.o
 .text.pcint19ActivateInterrupt
                0x00000000       0x42 ATmega328.o
 .text.pcint19DeactivateInterrupt
                0x00000000        0xc ATmega328.o
 .text.pcint20ActivateInterrupt
                0x00000000       0x42 ATmega328.o
 .text.pcint20DeactivateInterrupt
                0x00000000        0xc ATmega328.o
 .text.pcint21ActivateInterrupt
                0x00000000       0x42 ATmega328.o
 .text.pcint21DeactivateInterrupt
                0x00000000        0xc ATmega328.o
 .text.pcint22ActivateInterrupt
                0x00000000       0x42 ATmega328.o
 .text.pcint22DeactivateInterrupt
                0x00000000        0xc ATmega328.o
 .text.pcint23ActivateInterrupt
                0x00000000       0x42 ATmega328.o
 .text.pcint23DeactivateInterrupt
                0x00000000        0xc ATmega328.o
 .text.timer0Config
                0x00000000       0x94 ATmega328.o
 .text.timer0OutputConfig
                0x00000000       0x8e ATmega328.o
 .text.timer0ActivateOverflowInterrupt
                0x00000000        0xc ATmega328.o
 .text.timer0DeactivateOverflowInterrupt
                0x00000000        0xc ATmega328.o
 .text.timer0ClearOverflowInterruptRequest
                0x00000000        0x4 ATmega328.o
 .text.timer0ActivateCompareAInterrupt
                0x00000000        0xc ATmega328.o
 .text.timer0DeactivateCompareAInterrupt
                0x00000000        0xc ATmega328.o
 .text.timer0ClearCompareAInterruptRequest
                0x00000000        0x4 ATmega328.o
 .text.timer0ActivateCompareBInterrupt
                0x00000000        0xc ATmega328.o
 .text.timer0DeactivateCompareBInterrupt
                0x00000000        0xc ATmega328.o
 .text.timer0ClearCompareBInterruptRequest
                0x00000000        0x4 ATmega328.o
 .text.timer0ForceCompareA
                0x00000000        0x8 ATmega328.o
 .text.timer0ForceCompareB
                0x00000000        0x8 ATmega328.o
 .text.timer0SetCounterValue
                0x00000000        0x4 ATmega328.o
 .text.timer0GetCounterValue
                0x00000000        0x4 ATmega328.o
 .text.timer0SetCompareAValue
                0x00000000        0x4 ATmega328.o
 .text.timer0GetCompareAValue
                0x00000000        0x4 ATmega328.o
 .text.timer0SetCompareBValue
                0x00000000        0x4 ATmega328.o
 .text.timer0GetCompareBValue
                0x00000000        0x4 ATmega328.o
 .text.timer1Config
                0x00000000       0x3a ATmega328.o
 .text.timer1OutputConfig
                0x00000000       0x2c ATmega328.o
 .text.timer1InputCaptureNoiseCancelerConfig
                0x00000000       0x10 ATmega328.o
 .text.timer1ActivateOverflowInterrupt
                0x00000000        0xe ATmega328.o
 .text.timer1DeactivateOverflowInterrupt
                0x00000000        0xe ATmega328.o
 .text.timer1ClearOverflowInterruptRequest
                0x00000000        0x6 ATmega328.o
 .text.timer1ActivateCompareAInterrupt
                0x00000000        0xe ATmega328.o
 .text.timer1DeactivateCompareAInterrupt
                0x00000000        0xe ATmega328.o
 .text.timer1ClearCompareAInterruptRequest
                0x00000000        0x6 ATmega328.o
 .text.timer1ActivateCompareBInterrupt
                0x00000000        0xe ATmega328.o
 .text.timer1DeactivateCompareBInterrupt
                0x00000000        0xe ATmega328.o
 .text.timer1ClearCompareBInterruptRequest
                0x00000000        0x6 ATmega328.o
 .text.timer1ActivateInputCaptureInterrupt
                0x00000000        0xe ATmega328.o
 .text.timer1DeactivateInputCaptureInterrupt
                0x00000000        0xe ATmega328.o
 .text.timer1ClearInputCaptureInterruptRequest
                0x00000000        0x6 ATmega328.o
 .text.timer1ForceCompareA
                0x00000000        0xe ATmega328.o
 .text.timer1ForceCompareB
                0x00000000        0xe ATmega328.o
 .text.timer1SetCounterValue
                0x00000000       0x14 ATmega328.o
 .text.timer1GetCounterValue
                0x00000000        0xa ATmega328.o
 .text.timer1SetCompareAValue
                0x00000000       0x14 ATmega328.o
 .text.timer1GetCompareAValue
                0x00000000        0xa ATmega328.o
 .text.timer1SetCompareBValue
                0x00000000       0x14 ATmega328.o
 .text.timer1GetCompareBValue
                0x00000000        0xa ATmega328.o
 .text.timer1SetInputCaptureValue
                0x00000000       0x14 ATmega328.o
 .text.timer1GetInputCaptureValue
                0x00000000        0xa ATmega328.o
 .text.timer2Config
                0x00000000       0x30 ATmega328.o
 .text.timer2OutputConfig
                0x00000000       0x2c ATmega328.o
 .text.timer2ActivateOverflowInterrupt
                0x00000000        0xe ATmega328.o
 .text.timer2DeactivateOverflowInterrupt
                0x00000000        0xe ATmega328.o
 .text.timer2ClearOverflowInterruptRequest
                0x00000000        0x6 ATmega328.o
 .text.timer2ActivateCompareAInterrupt
                0x00000000        0xe ATmega328.o
 .text.timer2DeactivateCompareAInterrupt
                0x00000000        0xe ATmega328.o
 .text.timer2ClearCompareAInterruptRequest
                0x00000000        0x6 ATmega328.o
 .text.timer2ActivateCompareBInterrupt
                0x00000000        0xe ATmega328.o
 .text.timer2DeactivateCompareBInterrupt
                0x00000000        0xe ATmega328.o
 .text.timer2ClearCompareBInterruptRequest
                0x00000000        0x6 ATmega328.o
 .text.timer2ForceCompareA
                0x00000000        0xe ATmega328.o
 .text.timer2ForceCompareB
                0x00000000        0xe ATmega328.o
 .text.timer2SetCounterValue
                0x00000000        0x8 ATmega328.o
 .text.timer2GetCounterValue
                0x00000000        0x6 ATmega328.o
 .text.timer2SetCompareAValue
                0x00000000        0x8 ATmega328.o
 .text.timer2GetCompareAValue
                0x00000000        0x6 ATmega328.o
 .text.timer2SetCompareBValue
                0x00000000        0x8 ATmega328.o
 .text.timer2GetCompareBValue
                0x00000000        0x6 ATmega328.o
 .text.adcConfig
                0x00000000       0xa0 ATmega328.o
 .progmem.gcc_sw_table.adcConfig
                0x00000000        0xe ATmega328.o
 .text.adcSelectChannel
                0x00000000       0x10 ATmega328.o
 .text.adcEnableDigitalInput
                0x00000000       0x10 ATmega328.o
 .text.adcDisableDigitalInput
                0x00000000        0xe ATmega328.o
 .text.adcDataPresentation
                0x00000000       0x1e ATmega328.o
 .text.adcEnable
                0x00000000        0xe ATmega328.o
 .text.adcDisable
                0x00000000        0xe ATmega328.o
 .text.adcClearInterruptRequest
                0x00000000        0xe ATmega328.o
 .text.adcActivateInterrupt
                0x00000000        0xe ATmega328.o
 .text.adcDeactivateInterrupt
                0x00000000        0xe ATmega328.o
 .text.adcStartConversion
                0x00000000        0xe ATmega328.o
 .text.adcIsBusy
                0x00000000        0xc ATmega328.o
 .text.adcWaitUntilConversionFinish
                0x00000000        0xe ATmega328.o
 .text.usartConfig
                0x00000000      0x15c ATmega328.o
 .text.usartEnableReceiver
                0x00000000        0xe ATmega328.o
 .text.usartDisableReceiver
                0x00000000        0xe ATmega328.o
 .text.usartEnableTransmitter
                0x00000000        0xe ATmega328.o
 .text.usartDisableTransmitter
                0x00000000        0xe ATmega328.o
 .text.usartActivateReceptionCompleteInterrupt
                0x00000000        0xe ATmega328.o
 .text.usartDeactivateReceptionCompleteInterrupt
                0x00000000        0xe ATmega328.o
 .text.usartActivateTransmissionCompleteInterrupt
                0x00000000        0xe ATmega328.o
 .text.usartDeactivateTransmissionCompleteInterrupt
                0x00000000        0xe ATmega328.o
 .text.usartActivateBufferEmptyInterrupt
                0x00000000        0xe ATmega328.o
 .text.usartDeactivateBufferEmptyInterrupt
                0x00000000        0xe ATmega328.o
 .text.usartStdio
                0x00000000       0x18 ATmega328.o
 .text.usartIsReceptionComplete
                0x00000000        0xc ATmega328.o
 .text.usartIsTransmissionComplete
                0x00000000        0xc ATmega328.o
 .text.usartIsBufferEmpty
                0x00000000        0xc ATmega328.o
 .text.usartTransmitStd
                0x00000000       0x16 ATmega328.o
 .text.usartCheckError
                0x00000000       0x26 ATmega328.o
 .text.usartTransmit
                0x00000000       0x16 ATmega328.o
 .text.usartTransmit9bits
                0x00000000       0x3a ATmega328.o
 .text.usartReceive
                0x00000000       0x14 ATmega328.o
 .text.usartReceive9bits
                0x00000000       0x28 ATmega328.o
 .text.usartClearReceptionBuffer
                0x00000000       0x1a ATmega328.o
 .text.usartAddDataToReceiverBuffer
                0x00000000       0x6a ATmega328.o
 .text.usartGetDataFromReceiverBuffer
                0x00000000       0x44 ATmega328.o
 .text.usartIsReceiverBufferEmpty
                0x00000000        0xc ATmega328.o
 .text.usartGetCurrentBaudRate
                0x00000000        0x8 ATmega328.o
 .text.spiInit  0x00000000        0x2 ATmega328.o
 .text.spiMasterTransmit
                0x00000000        0xc ATmega328.o
 .text.spiSlaveTransmit
                0x00000000        0xa ATmega328.o
 .data.usartStream
                0x00000000        0xe ATmega328.o
 .debug_macro   0x00000000      0xa4e ATmega328.o
 .debug_macro   0x00000000       0x10 ATmega328.o
 .debug_macro   0x00000000       0x10 ATmega328.o
 .debug_macro   0x00000000      0x1c9 ATmega328.o
 .debug_macro   0x00000000      0x2fc ATmega328.o
 .debug_macro   0x00000000       0x9e ATmega328.o
 .debug_macro   0x00000000     0x1410 ATmega328.o
 .debug_macro   0x00000000      0x13a ATmega328.o
 .debug_macro   0x00000000       0xbd ATmega328.o
 .debug_macro   0x00000000       0x34 ATmega328.o
 .debug_macro   0x00000000       0x18 ATmega328.o
 .debug_macro   0x00000000       0x6c ATmega328.o
 .debug_macro   0x00000000       0x69 ATmega328.o
 .debug_macro   0x00000000       0x10 ATmega328.o
 .debug_macro   0x00000000       0x58 ATmega328.o
 .debug_macro   0x00000000       0x10 ATmega328.o
 .debug_macro   0x00000000       0xf2 ATmega328.o
 .debug_macro   0x00000000       0x46 ATmega328.o
 .debug_macro   0x00000000       0x34 ATmega328.o
 .debug_macro   0x00000000      0x10c ATmega328.o
 COMMON         0x00000000       0x35 ATmega328.o
 .group         0x00000000        0x8 keypad.o
 .group         0x00000000        0x8 keypad.o
 .group         0x00000000        0x8 keypad.o
 .group         0x00000000        0x8 keypad.o
 .group         0x00000000        0x8 keypad.o
 .group         0x00000000        0x8 keypad.o
 .group         0x00000000        0x8 keypad.o
 .group         0x00000000        0x8 keypad.o
 .group         0x00000000        0x8 keypad.o
 .group         0x00000000        0x8 keypad.o
 .group         0x00000000        0x8 keypad.o
 .group         0x00000000        0x8 keypad.o
 .group         0x00000000        0x8 keypad.o
 .group         0x00000000        0x8 keypad.o
 .group         0x00000000        0x8 keypad.o
 .group         0x00000000        0x8 keypad.o
 .group         0x00000000        0x8 keypad.o
 .group         0x00000000        0x8 keypad.o
 .group         0x00000000        0x8 keypad.o
 .group         0x00000000        0x8 keypad.o
 .group         0x00000000        0x8 keypad.o
 .group         0x00000000        0x8 keypad.o
 .group         0x00000000        0x8 keypad.o
 .text          0x00000000        0x0 keypad.o
 .data          0x00000000        0x0 keypad.o
 .bss           0x00000000        0x0 keypad.o
 .debug_macro   0x00000000      0xa4e keypad.o
 .debug_macro   0x00000000       0x10 keypad.o
 .debug_macro   0x00000000       0x10 keypad.o
 .debug_macro   0x00000000      0x1c9 keypad.o
 .debug_macro   0x00000000      0x2fc keypad.o
 .debug_macro   0x00000000       0x9e keypad.o
 .debug_macro   0x00000000     0x1410 keypad.o
 .debug_macro   0x00000000      0x13a keypad.o
 .debug_macro   0x00000000       0xbd keypad.o
 .debug_macro   0x00000000       0x34 keypad.o
 .debug_macro   0x00000000       0x18 keypad.o
 .debug_macro   0x00000000       0x6c keypad.o
 .debug_macro   0x00000000       0x69 keypad.o
 .debug_macro   0x00000000       0x10 keypad.o
 .debug_macro   0x00000000      0x166 keypad.o
 .debug_macro   0x00000000       0x58 keypad.o
 .debug_macro   0x00000000       0x10 keypad.o
 .debug_macro   0x00000000       0x97 keypad.o
 .debug_macro   0x00000000       0xf2 keypad.o
 .debug_macro   0x00000000       0x46 keypad.o
 .debug_macro   0x00000000       0x1c keypad.o
 .group         0x00000000        0x8 lcd4d.o
 .group         0x00000000        0x8 lcd4d.o
 .group         0x00000000        0x8 lcd4d.o
 .group         0x00000000        0x8 lcd4d.o
 .group         0x00000000        0x8 lcd4d.o
 .group         0x00000000        0x8 lcd4d.o
 .group         0x00000000        0x8 lcd4d.o
 .group         0x00000000        0x8 lcd4d.o
 .group         0x00000000        0x8 lcd4d.o
 .group         0x00000000        0x8 lcd4d.o
 .group         0x00000000        0x8 lcd4d.o
 .group         0x00000000        0x8 lcd4d.o
 .group         0x00000000        0x8 lcd4d.o
 .group         0x00000000        0x8 lcd4d.o
 .group         0x00000000        0x8 lcd4d.o
 .group         0x00000000        0x8 lcd4d.o
 .group         0x00000000        0x8 lcd4d.o
 .group         0x00000000        0x8 lcd4d.o
 .group         0x00000000        0x8 lcd4d.o
 .group         0x00000000        0x8 lcd4d.o
 .group         0x00000000        0x8 lcd4d.o
 .text          0x00000000        0x0 lcd4d.o
 .data          0x00000000        0x0 lcd4d.o
 .bss           0x00000000        0x0 lcd4d.o
 .text.lcdCursorHome
                0x00000000       0x14 lcd4d.o
 .text.lcdCursorMoveFirstLine
                0x00000000       0x12 lcd4d.o
 .text.lcdDisplay
                0x00000000       0x36 lcd4d.o
 .text.lcdCursor
                0x00000000       0x36 lcd4d.o
 .text.lcdCursorBlink
                0x00000000       0x36 lcd4d.o
 .text.lcdSetEntryMode
                0x00000000       0x3e lcd4d.o
 .text.lcdDisplayShift
                0x00000000       0x4c lcd4d.o
 .debug_macro   0x00000000      0xa4e lcd4d.o
 .debug_macro   0x00000000       0x10 lcd4d.o
 .debug_macro   0x00000000       0x10 lcd4d.o
 .debug_macro   0x00000000      0x1c9 lcd4d.o
 .debug_macro   0x00000000      0x2fc lcd4d.o
 .debug_macro   0x00000000       0x9e lcd4d.o
 .debug_macro   0x00000000     0x1410 lcd4d.o
 .debug_macro   0x00000000      0x13a lcd4d.o
 .debug_macro   0x00000000       0xbd lcd4d.o
 .debug_macro   0x00000000       0x34 lcd4d.o
 .debug_macro   0x00000000       0x18 lcd4d.o
 .debug_macro   0x00000000       0x6c lcd4d.o
 .debug_macro   0x00000000       0x69 lcd4d.o
 .debug_macro   0x00000000       0x10 lcd4d.o
 .debug_macro   0x00000000      0x166 lcd4d.o
 .debug_macro   0x00000000       0x58 lcd4d.o
 .debug_macro   0x00000000       0x10 lcd4d.o
 .debug_macro   0x00000000       0x97 lcd4d.o
 .debug_macro   0x00000000       0xf2 lcd4d.o
 .debug_macro   0x00000000       0x46 lcd4d.o
 .group         0x00000000        0x8 src/ASF/common/boards/user_board/init.o
 .group         0x00000000        0x8 src/ASF/common/boards/user_board/init.o
 .group         0x00000000        0x8 src/ASF/common/boards/user_board/init.o
 .group         0x00000000        0x8 src/ASF/common/boards/user_board/init.o
 .group         0x00000000        0x8 src/ASF/common/boards/user_board/init.o
 .group         0x00000000        0x8 src/ASF/common/boards/user_board/init.o
 .group         0x00000000        0x8 src/ASF/common/boards/user_board/init.o
 .group         0x00000000        0x8 src/ASF/common/boards/user_board/init.o
 .group         0x00000000        0x8 src/ASF/common/boards/user_board/init.o
 .group         0x00000000        0x8 src/ASF/common/boards/user_board/init.o
 .group         0x00000000        0x8 src/ASF/common/boards/user_board/init.o
 .group         0x00000000        0x8 src/ASF/common/boards/user_board/init.o
 .group         0x00000000        0x8 src/ASF/common/boards/user_board/init.o
 .group         0x00000000        0x8 src/ASF/common/boards/user_board/init.o
 .group         0x00000000        0x8 src/ASF/common/boards/user_board/init.o
 .group         0x00000000        0x8 src/ASF/common/boards/user_board/init.o
 .group         0x00000000        0x8 src/ASF/common/boards/user_board/init.o
 .group         0x00000000        0x8 src/ASF/common/boards/user_board/init.o
 .group         0x00000000        0x8 src/ASF/common/boards/user_board/init.o
 .group         0x00000000        0x8 src/ASF/common/boards/user_board/init.o
 .group         0x00000000        0x8 src/ASF/common/boards/user_board/init.o
 .group         0x00000000        0x8 src/ASF/common/boards/user_board/init.o
 .group         0x00000000        0x8 src/ASF/common/boards/user_board/init.o
 .group         0x00000000        0x8 src/ASF/common/boards/user_board/init.o
 .group         0x00000000        0x8 src/ASF/common/boards/user_board/init.o
 .text          0x00000000        0x0 src/ASF/common/boards/user_board/init.o
 .data          0x00000000        0x0 src/ASF/common/boards/user_board/init.o
 .bss           0x00000000        0x0 src/ASF/common/boards/user_board/init.o
 .text.board_init
                0x00000000        0x2 src/ASF/common/boards/user_board/init.o
 .debug_info    0x00000000       0x7c src/ASF/common/boards/user_board/init.o
 .debug_abbrev  0x00000000       0x47 src/ASF/common/boards/user_board/init.o
 .debug_aranges
                0x00000000       0x20 src/ASF/common/boards/user_board/init.o
 .debug_ranges  0x00000000       0x10 src/ASF/common/boards/user_board/init.o
 .debug_macro   0x00000000      0x152 src/ASF/common/boards/user_board/init.o
 .debug_macro   0x00000000      0xa4e src/ASF/common/boards/user_board/init.o
 .debug_macro   0x00000000       0x10 src/ASF/common/boards/user_board/init.o
 .debug_macro   0x00000000      0x1c9 src/ASF/common/boards/user_board/init.o
 .debug_macro   0x00000000      0x2fc src/ASF/common/boards/user_board/init.o
 .debug_macro   0x00000000       0x9e src/ASF/common/boards/user_board/init.o
 .debug_macro   0x00000000     0x1410 src/ASF/common/boards/user_board/init.o
 .debug_macro   0x00000000      0x13a src/ASF/common/boards/user_board/init.o
 .debug_macro   0x00000000       0xbd src/ASF/common/boards/user_board/init.o
 .debug_macro   0x00000000       0x34 src/ASF/common/boards/user_board/init.o
 .debug_macro   0x00000000       0x18 src/ASF/common/boards/user_board/init.o
 .debug_macro   0x00000000       0x6c src/ASF/common/boards/user_board/init.o
 .debug_macro   0x00000000       0x22 src/ASF/common/boards/user_board/init.o
 .debug_macro   0x00000000      0x16d src/ASF/common/boards/user_board/init.o
 .debug_macro   0x00000000       0x1c src/ASF/common/boards/user_board/init.o
 .debug_macro   0x00000000       0x35 src/ASF/common/boards/user_board/init.o
 .debug_macro   0x00000000       0x66 src/ASF/common/boards/user_board/init.o
 .debug_macro   0x00000000      0x6c2 src/ASF/common/boards/user_board/init.o
 .debug_macro   0x00000000       0x44 src/ASF/common/boards/user_board/init.o
 .debug_macro   0x00000000       0x69 src/ASF/common/boards/user_board/init.o
 .debug_macro   0x00000000       0x2c src/ASF/common/boards/user_board/init.o
 .debug_macro   0x00000000       0x10 src/ASF/common/boards/user_board/init.o
 .debug_macro   0x00000000       0xe2 src/ASF/common/boards/user_board/init.o
 .debug_macro   0x00000000       0x40 src/ASF/common/boards/user_board/init.o
 .debug_macro   0x00000000      0x100 src/ASF/common/boards/user_board/init.o
 .debug_macro   0x00000000      0x2c0 src/ASF/common/boards/user_board/init.o
 .debug_line    0x00000000      0x392 src/ASF/common/boards/user_board/init.o
 .debug_str     0x00000000     0xfcee src/ASF/common/boards/user_board/init.o
 .comment       0x00000000       0x31 src/ASF/common/boards/user_board/init.o
 .debug_frame   0x00000000       0x24 src/ASF/common/boards/user_board/init.o
 .text          0x00000000        0x0 c:/program files (x86)/atmel/studio/7.0/toolchain/avr8/avr8-gnu-toolchain/bin/../lib/gcc/avr/5.4.0/avr5\libgcc.a(_udivmodsi4.o)
 .data          0x00000000        0x0 c:/program files (x86)/atmel/studio/7.0/toolchain/avr8/avr8-gnu-toolchain/bin/../lib/gcc/avr/5.4.0/avr5\libgcc.a(_udivmodsi4.o)
 .bss           0x00000000        0x0 c:/program files (x86)/atmel/studio/7.0/toolchain/avr8/avr8-gnu-toolchain/bin/../lib/gcc/avr/5.4.0/avr5\libgcc.a(_udivmodsi4.o)
 .text.libgcc.mul
                0x00000000        0x0 c:/program files (x86)/atmel/studio/7.0/toolchain/avr8/avr8-gnu-toolchain/bin/../lib/gcc/avr/5.4.0/avr5\libgcc.a(_udivmodsi4.o)
 .text.libgcc.div
                0x00000000       0x44 c:/program files (x86)/atmel/studio/7.0/toolchain/avr8/avr8-gnu-toolchain/bin/../lib/gcc/avr/5.4.0/avr5\libgcc.a(_udivmodsi4.o)
 .text.libgcc   0x00000000        0x0 c:/program files (x86)/atmel/studio/7.0/toolchain/avr8/avr8-gnu-toolchain/bin/../lib/gcc/avr/5.4.0/avr5\libgcc.a(_udivmodsi4.o)
 .text.libgcc.prologue
                0x00000000        0x0 c:/program files (x86)/atmel/studio/7.0/toolchain/avr8/avr8-gnu-toolchain/bin/../lib/gcc/avr/5.4.0/avr5\libgcc.a(_udivmodsi4.o)
 .text.libgcc.builtins
                0x00000000        0x0 c:/program files (x86)/atmel/studio/7.0/toolchain/avr8/avr8-gnu-toolchain/bin/../lib/gcc/avr/5.4.0/avr5\libgcc.a(_udivmodsi4.o)
 .text.libgcc.fmul
                0x00000000        0x0 c:/program files (x86)/atmel/studio/7.0/toolchain/avr8/avr8-gnu-toolchain/bin/../lib/gcc/avr/5.4.0/avr5\libgcc.a(_udivmodsi4.o)
 .text.libgcc.fixed
                0x00000000        0x0 c:/program files (x86)/atmel/studio/7.0/toolchain/avr8/avr8-gnu-toolchain/bin/../lib/gcc/avr/5.4.0/avr5\libgcc.a(_udivmodsi4.o)
 .text          0x00000000        0x0 c:/program files (x86)/atmel/studio/7.0/toolchain/avr8/avr8-gnu-toolchain/bin/../lib/gcc/avr/5.4.0/avr5\libgcc.a(_exit.o)
 .data          0x00000000        0x0 c:/program files (x86)/atmel/studio/7.0/toolchain/avr8/avr8-gnu-toolchain/bin/../lib/gcc/avr/5.4.0/avr5\libgcc.a(_exit.o)
 .bss           0x00000000        0x0 c:/program files (x86)/atmel/studio/7.0/toolchain/avr8/avr8-gnu-toolchain/bin/../lib/gcc/avr/5.4.0/avr5\libgcc.a(_exit.o)
 .text.libgcc.mul
                0x00000000        0x0 c:/program files (x86)/atmel/studio/7.0/toolchain/avr8/avr8-gnu-toolchain/bin/../lib/gcc/avr/5.4.0/avr5\libgcc.a(_exit.o)
 .text.libgcc.div
                0x00000000        0x0 c:/program files (x86)/atmel/studio/7.0/toolchain/avr8/avr8-gnu-toolchain/bin/../lib/gcc/avr/5.4.0/avr5\libgcc.a(_exit.o)
 .text.libgcc   0x00000000        0x0 c:/program files (x86)/atmel/studio/7.0/toolchain/avr8/avr8-gnu-toolchain/bin/../lib/gcc/avr/5.4.0/avr5\libgcc.a(_exit.o)
 .text.libgcc.prologue
                0x00000000        0x0 c:/program files (x86)/atmel/studio/7.0/toolchain/avr8/avr8-gnu-toolchain/bin/../lib/gcc/avr/5.4.0/avr5\libgcc.a(_exit.o)
 .text.libgcc.builtins
                0x00000000        0x0 c:/program files (x86)/atmel/studio/7.0/toolchain/avr8/avr8-gnu-toolchain/bin/../lib/gcc/avr/5.4.0/avr5\libgcc.a(_exit.o)
 .text.libgcc.fmul
                0x00000000        0x0 c:/program files (x86)/atmel/studio/7.0/toolchain/avr8/avr8-gnu-toolchain/bin/../lib/gcc/avr/5.4.0/avr5\libgcc.a(_exit.o)
 .text.libgcc.fixed
                0x00000000        0x0 c:/program files (x86)/atmel/studio/7.0/toolchain/avr8/avr8-gnu-toolchain/bin/../lib/gcc/avr/5.4.0/avr5\libgcc.a(_exit.o)
 .text          0x00000000        0x0 c:/program files (x86)/atmel/studio/7.0/toolchain/avr8/avr8-gnu-toolchain/bin/../lib/gcc/avr/5.4.0/avr5\libgcc.a(_tablejump2.o)
 .data          0x00000000        0x0 c:/program files (x86)/atmel/studio/7.0/toolchain/avr8/avr8-gnu-toolchain/bin/../lib/gcc/avr/5.4.0/avr5\libgcc.a(_tablejump2.o)
 .bss           0x00000000        0x0 c:/program files (x86)/atmel/studio/7.0/toolchain/avr8/avr8-gnu-toolchain/bin/../lib/gcc/avr/5.4.0/avr5\libgcc.a(_tablejump2.o)
 .text.libgcc.mul
                0x00000000        0x0 c:/program files (x86)/atmel/studio/7.0/toolchain/avr8/avr8-gnu-toolchain/bin/../lib/gcc/avr/5.4.0/avr5\libgcc.a(_tablejump2.o)
 .text.libgcc.div
                0x00000000        0x0 c:/program files (x86)/atmel/studio/7.0/toolchain/avr8/avr8-gnu-toolchain/bin/../lib/gcc/avr/5.4.0/avr5\libgcc.a(_tablejump2.o)
 .text.libgcc.prologue
                0x00000000        0x0 c:/program files (x86)/atmel/studio/7.0/toolchain/avr8/avr8-gnu-toolchain/bin/../lib/gcc/avr/5.4.0/avr5\libgcc.a(_tablejump2.o)
 .text.libgcc.builtins
                0x00000000        0x0 c:/program files (x86)/atmel/studio/7.0/toolchain/avr8/avr8-gnu-toolchain/bin/../lib/gcc/avr/5.4.0/avr5\libgcc.a(_tablejump2.o)
 .text.libgcc.fmul
                0x00000000        0x0 c:/program files (x86)/atmel/studio/7.0/toolchain/avr8/avr8-gnu-toolchain/bin/../lib/gcc/avr/5.4.0/avr5\libgcc.a(_tablejump2.o)
 .text.libgcc.fixed
                0x00000000        0x0 c:/program files (x86)/atmel/studio/7.0/toolchain/avr8/avr8-gnu-toolchain/bin/../lib/gcc/avr/5.4.0/avr5\libgcc.a(_tablejump2.o)
 .text          0x00000000        0x0 c:/program files (x86)/atmel/studio/7.0/toolchain/avr8/avr8-gnu-toolchain/bin/../lib/gcc/avr/5.4.0/avr5\libgcc.a(_copy_data.o)
 .data          0x00000000        0x0 c:/program files (x86)/atmel/studio/7.0/toolchain/avr8/avr8-gnu-toolchain/bin/../lib/gcc/avr/5.4.0/avr5\libgcc.a(_copy_data.o)
 .bss           0x00000000        0x0 c:/program files (x86)/atmel/studio/7.0/toolchain/avr8/avr8-gnu-toolchain/bin/../lib/gcc/avr/5.4.0/avr5\libgcc.a(_copy_data.o)
 .text.libgcc.mul
                0x00000000        0x0 c:/program files (x86)/atmel/studio/7.0/toolchain/avr8/avr8-gnu-toolchain/bin/../lib/gcc/avr/5.4.0/avr5\libgcc.a(_copy_data.o)
 .text.libgcc.div
                0x00000000        0x0 c:/program files (x86)/atmel/studio/7.0/toolchain/avr8/avr8-gnu-toolchain/bin/../lib/gcc/avr/5.4.0/avr5\libgcc.a(_copy_data.o)
 .text.libgcc   0x00000000        0x0 c:/program files (x86)/atmel/studio/7.0/toolchain/avr8/avr8-gnu-toolchain/bin/../lib/gcc/avr/5.4.0/avr5\libgcc.a(_copy_data.o)
 .text.libgcc.prologue
                0x00000000        0x0 c:/program files (x86)/atmel/studio/7.0/toolchain/avr8/avr8-gnu-toolchain/bin/../lib/gcc/avr/5.4.0/avr5\libgcc.a(_copy_data.o)
 .text.libgcc.builtins
                0x00000000        0x0 c:/program files (x86)/atmel/studio/7.0/toolchain/avr8/avr8-gnu-toolchain/bin/../lib/gcc/avr/5.4.0/avr5\libgcc.a(_copy_data.o)
 .text.libgcc.fmul
                0x00000000        0x0 c:/program files (x86)/atmel/studio/7.0/toolchain/avr8/avr8-gnu-toolchain/bin/../lib/gcc/avr/5.4.0/avr5\libgcc.a(_copy_data.o)
 .text.libgcc.fixed
                0x00000000        0x0 c:/program files (x86)/atmel/studio/7.0/toolchain/avr8/avr8-gnu-toolchain/bin/../lib/gcc/avr/5.4.0/avr5\libgcc.a(_copy_data.o)
 .text          0x00000000        0x0 c:/program files (x86)/atmel/studio/7.0/toolchain/avr8/avr8-gnu-toolchain/bin/../lib/gcc/avr/5.4.0/avr5\libgcc.a(_clear_bss.o)
 .data          0x00000000        0x0 c:/program files (x86)/atmel/studio/7.0/toolchain/avr8/avr8-gnu-toolchain/bin/../lib/gcc/avr/5.4.0/avr5\libgcc.a(_clear_bss.o)
 .bss           0x00000000        0x0 c:/program files (x86)/atmel/studio/7.0/toolchain/avr8/avr8-gnu-toolchain/bin/../lib/gcc/avr/5.4.0/avr5\libgcc.a(_clear_bss.o)
 .text.libgcc.mul
                0x00000000        0x0 c:/program files (x86)/atmel/studio/7.0/toolchain/avr8/avr8-gnu-toolchain/bin/../lib/gcc/avr/5.4.0/avr5\libgcc.a(_clear_bss.o)
 .text.libgcc.div
                0x00000000        0x0 c:/program files (x86)/atmel/studio/7.0/toolchain/avr8/avr8-gnu-toolchain/bin/../lib/gcc/avr/5.4.0/avr5\libgcc.a(_clear_bss.o)
 .text.libgcc   0x00000000        0x0 c:/program files (x86)/atmel/studio/7.0/toolchain/avr8/avr8-gnu-toolchain/bin/../lib/gcc/avr/5.4.0/avr5\libgcc.a(_clear_bss.o)
 .text.libgcc.prologue
                0x00000000        0x0 c:/program files (x86)/atmel/studio/7.0/toolchain/avr8/avr8-gnu-toolchain/bin/../lib/gcc/avr/5.4.0/avr5\libgcc.a(_clear_bss.o)
 .text.libgcc.builtins
                0x00000000        0x0 c:/program files (x86)/atmel/studio/7.0/toolchain/avr8/avr8-gnu-toolchain/bin/../lib/gcc/avr/5.4.0/avr5\libgcc.a(_clear_bss.o)
 .text.libgcc.fmul
                0x00000000        0x0 c:/program files (x86)/atmel/studio/7.0/toolchain/avr8/avr8-gnu-toolchain/bin/../lib/gcc/avr/5.4.0/avr5\libgcc.a(_clear_bss.o)
 .text.libgcc.fixed
                0x00000000        0x0 c:/program files (x86)/atmel/studio/7.0/toolchain/avr8/avr8-gnu-toolchain/bin/../lib/gcc/avr/5.4.0/avr5\libgcc.a(_clear_bss.o)
 .text          0x00000000        0x0 c:/program files (x86)/atmel/studio/7.0/toolchain/avr8/avr8-gnu-toolchain/bin/../lib/gcc/avr/5.4.0/avr5\libgcc.a(_ashrdi3.o)
 .data          0x00000000        0x0 c:/program files (x86)/atmel/studio/7.0/toolchain/avr8/avr8-gnu-toolchain/bin/../lib/gcc/avr/5.4.0/avr5\libgcc.a(_ashrdi3.o)
 .bss           0x00000000        0x0 c:/program files (x86)/atmel/studio/7.0/toolchain/avr8/avr8-gnu-toolchain/bin/../lib/gcc/avr/5.4.0/avr5\libgcc.a(_ashrdi3.o)
 .text.libgcc.mul
                0x00000000        0x0 c:/program files (x86)/atmel/studio/7.0/toolchain/avr8/avr8-gnu-toolchain/bin/../lib/gcc/avr/5.4.0/avr5\libgcc.a(_ashrdi3.o)
 .text.libgcc.div
                0x00000000        0x0 c:/program files (x86)/atmel/studio/7.0/toolchain/avr8/avr8-gnu-toolchain/bin/../lib/gcc/avr/5.4.0/avr5\libgcc.a(_ashrdi3.o)
 .text.libgcc   0x00000000        0x0 c:/program files (x86)/atmel/studio/7.0/toolchain/avr8/avr8-gnu-toolchain/bin/../lib/gcc/avr/5.4.0/avr5\libgcc.a(_ashrdi3.o)
 .text.libgcc.prologue
                0x00000000        0x0 c:/program files (x86)/atmel/studio/7.0/toolchain/avr8/avr8-gnu-toolchain/bin/../lib/gcc/avr/5.4.0/avr5\libgcc.a(_ashrdi3.o)
 .text.libgcc.builtins
                0x00000000       0x3c c:/program files (x86)/atmel/studio/7.0/toolchain/avr8/avr8-gnu-toolchain/bin/../lib/gcc/avr/5.4.0/avr5\libgcc.a(_ashrdi3.o)
 .text.libgcc.fmul
                0x00000000        0x0 c:/program files (x86)/atmel/studio/7.0/toolchain/avr8/avr8-gnu-toolchain/bin/../lib/gcc/avr/5.4.0/avr5\libgcc.a(_ashrdi3.o)
 .text.libgcc.fixed
                0x00000000        0x0 c:/program files (x86)/atmel/studio/7.0/toolchain/avr8/avr8-gnu-toolchain/bin/../lib/gcc/avr/5.4.0/avr5\libgcc.a(_ashrdi3.o)
 .text          0x00000000        0x0 c:/program files (x86)/atmel/studio/7.0/toolchain/avr8/avr8-gnu-toolchain/bin/../lib/gcc/avr/5.4.0/../../../../avr/lib/avr5\libc.a(malloc.o)
 .bss           0x00000000        0x0 c:/program files (x86)/atmel/studio/7.0/toolchain/avr8/avr8-gnu-toolchain/bin/../lib/gcc/avr/5.4.0/../../../../avr/lib/avr5\libc.a(malloc.o)
 .text          0x00000000        0x0 c:/program files (x86)/atmel/studio/7.0/toolchain/avr8/avr8-gnu-toolchain/bin/../lib/gcc/avr/5.4.0/../../../../avr/lib/avr5\libc.a(realloc.o)
 .data          0x00000000        0x0 c:/program files (x86)/atmel/studio/7.0/toolchain/avr8/avr8-gnu-toolchain/bin/../lib/gcc/avr/5.4.0/../../../../avr/lib/avr5\libc.a(realloc.o)
 .bss           0x00000000        0x0 c:/program files (x86)/atmel/studio/7.0/toolchain/avr8/avr8-gnu-toolchain/bin/../lib/gcc/avr/5.4.0/../../../../avr/lib/avr5\libc.a(realloc.o)
 .text          0x00000000        0x0 c:/program files (x86)/atmel/studio/7.0/toolchain/avr8/avr8-gnu-toolchain/bin/../lib/gcc/avr/5.4.0/../../../../avr/lib/avr5\libc.a(memcpy.o)
 .data          0x00000000        0x0 c:/program files (x86)/atmel/studio/7.0/toolchain/avr8/avr8-gnu-toolchain/bin/../lib/gcc/avr/5.4.0/../../../../avr/lib/avr5\libc.a(memcpy.o)
 .bss           0x00000000        0x0 c:/program files (x86)/atmel/studio/7.0/toolchain/avr8/avr8-gnu-toolchain/bin/../lib/gcc/avr/5.4.0/../../../../avr/lib/avr5\libc.a(memcpy.o)
 .text          0x00000000        0x0 c:/program files (x86)/atmel/studio/7.0/toolchain/avr8/avr8-gnu-toolchain/bin/../lib/gcc/avr/5.4.0/../../../../avr/lib/avr5\libc.a(iob.o)
 .data          0x00000000        0x0 c:/program files (x86)/atmel/studio/7.0/toolchain/avr8/avr8-gnu-toolchain/bin/../lib/gcc/avr/5.4.0/../../../../avr/lib/avr5\libc.a(iob.o)
 .bss           0x00000000        0x0 c:/program files (x86)/atmel/studio/7.0/toolchain/avr8/avr8-gnu-toolchain/bin/../lib/gcc/avr/5.4.0/../../../../avr/lib/avr5\libc.a(iob.o)
 .text          0x00000000        0x0 c:/program files (x86)/atmel/studio/7.0/toolchain/avr8/avr8-gnu-toolchain/bin/../lib/gcc/avr/5.4.0/../../../../avr/lib/avr5\libc.a(printf.o)
 .data          0x00000000        0x0 c:/program files (x86)/atmel/studio/7.0/toolchain/avr8/avr8-gnu-toolchain/bin/../lib/gcc/avr/5.4.0/../../../../avr/lib/avr5\libc.a(printf.o)
 .bss           0x00000000        0x0 c:/program files (x86)/atmel/studio/7.0/toolchain/avr8/avr8-gnu-toolchain/bin/../lib/gcc/avr/5.4.0/../../../../avr/lib/avr5\libc.a(printf.o)
 .text          0x00000000        0x0 c:/program files (x86)/atmel/studio/7.0/toolchain/avr8/avr8-gnu-toolchain/bin/../lib/gcc/avr/5.4.0/../../../../avr/lib/avr5\libc.a(putchar.o)
 .data          0x00000000        0x0 c:/program files (x86)/atmel/studio/7.0/toolchain/avr8/avr8-gnu-toolchain/bin/../lib/gcc/avr/5.4.0/../../../../avr/lib/avr5\libc.a(putchar.o)
 .bss           0x00000000        0x0 c:/program files (x86)/atmel/studio/7.0/toolchain/avr8/avr8-gnu-toolchain/bin/../lib/gcc/avr/5.4.0/../../../../avr/lib/avr5\libc.a(putchar.o)
 .text          0x00000000        0x0 c:/program files (x86)/atmel/studio/7.0/toolchain/avr8/avr8-gnu-toolchain/bin/../lib/gcc/avr/5.4.0/../../../../avr/lib/avr5\libc.a(puts.o)
 .data          0x00000000        0x0 c:/program files (x86)/atmel/studio/7.0/toolchain/avr8/avr8-gnu-toolchain/bin/../lib/gcc/avr/5.4.0/../../../../avr/lib/avr5\libc.a(puts.o)
 .bss           0x00000000        0x0 c:/program files (x86)/atmel/studio/7.0/toolchain/avr8/avr8-gnu-toolchain/bin/../lib/gcc/avr/5.4.0/../../../../avr/lib/avr5\libc.a(puts.o)
 .text          0x00000000        0x0 c:/program files (x86)/atmel/studio/7.0/toolchain/avr8/avr8-gnu-toolchain/bin/../lib/gcc/avr/5.4.0/../../../../avr/lib/avr5\libc.a(vfprintf_std.o)
 .data          0x00000000        0x0 c:/program files (x86)/atmel/studio/7.0/toolchain/avr8/avr8-gnu-toolchain/bin/../lib/gcc/avr/5.4.0/../../../../avr/lib/avr5\libc.a(vfprintf_std.o)
 .bss           0x00000000        0x0 c:/program files (x86)/atmel/studio/7.0/toolchain/avr8/avr8-gnu-toolchain/bin/../lib/gcc/avr/5.4.0/../../../../avr/lib/avr5\libc.a(vfprintf_std.o)
 .text          0x00000000        0x0 c:/program files (x86)/atmel/studio/7.0/toolchain/avr8/avr8-gnu-toolchain/bin/../lib/gcc/avr/5.4.0/../../../../avr/lib/avr5\libc.a(strnlen_P.o)
 .data          0x00000000        0x0 c:/program files (x86)/atmel/studio/7.0/toolchain/avr8/avr8-gnu-toolchain/bin/../lib/gcc/avr/5.4.0/../../../../avr/lib/avr5\libc.a(strnlen_P.o)
 .bss           0x00000000        0x0 c:/program files (x86)/atmel/studio/7.0/toolchain/avr8/avr8-gnu-toolchain/bin/../lib/gcc/avr/5.4.0/../../../../avr/lib/avr5\libc.a(strnlen_P.o)
 .text          0x00000000        0x0 c:/program files (x86)/atmel/studio/7.0/toolchain/avr8/avr8-gnu-toolchain/bin/../lib/gcc/avr/5.4.0/../../../../avr/lib/avr5\libc.a(strnlen.o)
 .data          0x00000000        0x0 c:/program files (x86)/atmel/studio/7.0/toolchain/avr8/avr8-gnu-toolchain/bin/../lib/gcc/avr/5.4.0/../../../../avr/lib/avr5\libc.a(strnlen.o)
 .bss           0x00000000        0x0 c:/program files (x86)/atmel/studio/7.0/toolchain/avr8/avr8-gnu-toolchain/bin/../lib/gcc/avr/5.4.0/../../../../avr/lib/avr5\libc.a(strnlen.o)
 .text          0x00000000        0x0 c:/program files (x86)/atmel/studio/7.0/toolchain/avr8/avr8-gnu-toolchain/bin/../lib/gcc/avr/5.4.0/../../../../avr/lib/avr5\libc.a(fputc.o)
 .data          0x00000000        0x0 c:/program files (x86)/atmel/studio/7.0/toolchain/avr8/avr8-gnu-toolchain/bin/../lib/gcc/avr/5.4.0/../../../../avr/lib/avr5\libc.a(fputc.o)
 .bss           0x00000000        0x0 c:/program files (x86)/atmel/studio/7.0/toolchain/avr8/avr8-gnu-toolchain/bin/../lib/gcc/avr/5.4.0/../../../../avr/lib/avr5\libc.a(fputc.o)
 .text          0x00000000        0x0 c:/program files (x86)/atmel/studio/7.0/toolchain/avr8/avr8-gnu-toolchain/bin/../lib/gcc/avr/5.4.0/../../../../avr/lib/avr5\libc.a(ultoa_invert.o)
 .data          0x00000000        0x0 c:/program files (x86)/atmel/studio/7.0/toolchain/avr8/avr8-gnu-toolchain/bin/../lib/gcc/avr/5.4.0/../../../../avr/lib/avr5\libc.a(ultoa_invert.o)
 .bss           0x00000000        0x0 c:/program files (x86)/atmel/studio/7.0/toolchain/avr8/avr8-gnu-toolchain/bin/../lib/gcc/avr/5.4.0/../../../../avr/lib/avr5\libc.a(ultoa_invert.o)
 .text          0x00000000        0x0 c:/program files (x86)/atmel/studio/7.0/toolchain/avr8/avr8-gnu-toolchain/bin/../lib/gcc/avr/5.4.0/avr5\libgcc.a(_prologue.o)
 .data          0x00000000        0x0 c:/program files (x86)/atmel/studio/7.0/toolchain/avr8/avr8-gnu-toolchain/bin/../lib/gcc/avr/5.4.0/avr5\libgcc.a(_prologue.o)
 .bss           0x00000000        0x0 c:/program files (x86)/atmel/studio/7.0/toolchain/avr8/avr8-gnu-toolchain/bin/../lib/gcc/avr/5.4.0/avr5\libgcc.a(_prologue.o)
 .text.libgcc.mul
                0x00000000        0x0 c:/program files (x86)/atmel/studio/7.0/toolchain/avr8/avr8-gnu-toolchain/bin/../lib/gcc/avr/5.4.0/avr5\libgcc.a(_prologue.o)
 .text.libgcc.div
                0x00000000        0x0 c:/program files (x86)/atmel/studio/7.0/toolchain/avr8/avr8-gnu-toolchain/bin/../lib/gcc/avr/5.4.0/avr5\libgcc.a(_prologue.o)
 .text.libgcc   0x00000000        0x0 c:/program files (x86)/atmel/studio/7.0/toolchain/avr8/avr8-gnu-toolchain/bin/../lib/gcc/avr/5.4.0/avr5\libgcc.a(_prologue.o)
 .text.libgcc.builtins
                0x00000000        0x0 c:/program files (x86)/atmel/studio/7.0/toolchain/avr8/avr8-gnu-toolchain/bin/../lib/gcc/avr/5.4.0/avr5\libgcc.a(_prologue.o)
 .text.libgcc.fmul
                0x00000000        0x0 c:/program files (x86)/atmel/studio/7.0/toolchain/avr8/avr8-gnu-toolchain/bin/../lib/gcc/avr/5.4.0/avr5\libgcc.a(_prologue.o)
 .text.libgcc.fixed
                0x00000000        0x0 c:/program files (x86)/atmel/studio/7.0/toolchain/avr8/avr8-gnu-toolchain/bin/../lib/gcc/avr/5.4.0/avr5\libgcc.a(_prologue.o)
 .text          0x00000000        0x0 c:/program files (x86)/atmel/studio/7.0/toolchain/avr8/avr8-gnu-toolchain/bin/../lib/gcc/avr/5.4.0/avr5\libgcc.a(_epilogue.o)
 .data          0x00000000        0x0 c:/program files (x86)/atmel/studio/7.0/toolchain/avr8/avr8-gnu-toolchain/bin/../lib/gcc/avr/5.4.0/avr5\libgcc.a(_epilogue.o)
 .bss           0x00000000        0x0 c:/program files (x86)/atmel/studio/7.0/toolchain/avr8/avr8-gnu-toolchain/bin/../lib/gcc/avr/5.4.0/avr5\libgcc.a(_epilogue.o)
 .text.libgcc.mul
                0x00000000        0x0 c:/program files (x86)/atmel/studio/7.0/toolchain/avr8/avr8-gnu-toolchain/bin/../lib/gcc/avr/5.4.0/avr5\libgcc.a(_epilogue.o)
 .text.libgcc.div
                0x00000000        0x0 c:/program files (x86)/atmel/studio/7.0/toolchain/avr8/avr8-gnu-toolchain/bin/../lib/gcc/avr/5.4.0/avr5\libgcc.a(_epilogue.o)
 .text.libgcc   0x00000000        0x0 c:/program files (x86)/atmel/studio/7.0/toolchain/avr8/avr8-gnu-toolchain/bin/../lib/gcc/avr/5.4.0/avr5\libgcc.a(_epilogue.o)
 .text.libgcc.builtins
                0x00000000        0x0 c:/program files (x86)/atmel/studio/7.0/toolchain/avr8/avr8-gnu-toolchain/bin/../lib/gcc/avr/5.4.0/avr5\libgcc.a(_epilogue.o)
 .text.libgcc.fmul
                0x00000000        0x0 c:/program files (x86)/atmel/studio/7.0/toolchain/avr8/avr8-gnu-toolchain/bin/../lib/gcc/avr/5.4.0/avr5\libgcc.a(_epilogue.o)
 .text.libgcc.fixed
                0x00000000        0x0 c:/program files (x86)/atmel/studio/7.0/toolchain/avr8/avr8-gnu-toolchain/bin/../lib/gcc/avr/5.4.0/avr5\libgcc.a(_epilogue.o)

Memory Configuration

Name             Origin             Length             Attributes
text             0x00000000         0x00020000         xr
data             0x00800060         0x0000ffa0         rw !x
eeprom           0x00810000         0x00010000         rw !x
fuse             0x00820000         0x00000003         rw !x
lock             0x00830000         0x00000400         rw !x
signature        0x00840000         0x00000400         rw !x
user_signatures  0x00850000         0x00000400         rw !x
*default*        0x00000000         0xffffffff

Linker script and memory map

Address of section .data set to 0x800100
LOAD C:/Program Files (x86)/Atmel/Studio/7.0/Packs/atmel/ATmega_DFP/1.3.300/gcc/dev/atmega328p/avr5/crtatmega328p.o
LOAD Access_Control.o
LOAD ATmega328.o
LOAD keypad.o
LOAD lcd4d.o
LOAD src/ASF/common/boards/user_board/init.o
START GROUP
LOAD c:/program files (x86)/atmel/studio/7.0/toolchain/avr8/avr8-gnu-toolchain/bin/../lib/gcc/avr/5.4.0/../../../../avr/lib/avr5\libm.a
END GROUP
START GROUP
LOAD c:/program files (x86)/atmel/studio/7.0/toolchain/avr8/avr8-gnu-toolchain/bin/../lib/gcc/avr/5.4.0/avr5\libgcc.a
LOAD c:/program files (x86)/atmel/studio/7.0/toolchain/avr8/avr8-gnu-toolchain/bin/../lib/gcc/avr/5.4.0/../../../../avr/lib/avr5\libm.a
LOAD c:/program files (x86)/atmel/studio/7.0/toolchain/avr8/avr8-gnu-toolchain/bin/../lib/gcc/avr/5.4.0/../../../../avr/lib/avr5\libc.a
LOAD C:/Program Files (x86)/Atmel/Studio/7.0/Packs/atmel/ATmega_DFP/1.3.300/gcc/dev/atmega328p/avr5\libatmega328p.a
END GROUP
                0x00000000                __TEXT_REGION_ORIGIN__ = DEFINED (__TEXT_REGION_ORIGIN__)?__TEXT_REGION_ORIGIN__:0x0
                0x00800060                __DATA_REGION_ORIGIN__ = DEFINED (__DATA_REGION_ORIGIN__)?__DATA_REGION_ORIGIN__:0x800060
                0x00020000                __TEXT_REGION_LENGTH__ = DEFINED (__TEXT_REGION_LENGTH__)?__TEXT_REGION_LENGTH__:0x20000
                0x0000ffa0                __DATA_REGION_LENGTH__ = DEFINED (__DATA_REGION_LENGTH__)?__DATA_REGION_LENGTH__:0xffa0
                0x00010000                __EEPROM_REGION_LENGTH__ = DEFINED (__EEPROM_REGION_LENGTH__)?__EEPROM_REGION_LENGTH__:0x10000
                [0x00000003]                __FUSE_REGION_LENGTH__ = DEFINED (__FUSE_REGION_LENGTH__)?__FUSE_REGION_LENGTH__:0x400
                0x00000400                __LOCK_REGION_LENGTH__ = DEFINED (__LOCK_REGION_LENGTH__)?__LOCK_REGION_LENGTH__:0x400
                0x00000400                __SIGNATURE_REGION_LENGTH__ = DEFINED (__SIGNATURE_REGION_LENGTH__)?__SIGNATURE_REGION_LENGTH__:0x400
                0x00000400                __USER_SIGNATURE_REGION_LENGTH__ = DEFINED (__USER_SIGNATURE_REGION_LENGTH__)?__USER_SIGNATURE_REGION_LENGTH__:0x400

.hash
 *(.hash)

.dynsym
 *(.dynsym)

.dynstr
 *(.dynstr)

.gnu.version
 *(.gnu.version)

.gnu.version_d
 *(.gnu.version_d)

.gnu.version_r
 *(.gnu.version_r)

.rel.init
 *(.rel.init)

.rela.init
 *(.rela.init)

.rel.text
 *(.rel.text)
 *(.rel.text.*)
 *(.rel.gnu.linkonce.t*)

.rela.text
 *(.rela.text)
 *(.rela.text.*)
 *(.rela.gnu.linkonce.t*)

.rel.fini
 *(.rel.fini)

.rela.fini
 *(.rela.fini)

.rel.rodata
 *(.rel.rodata)
 *(.rel.rodata.*)
 *(.rel.gnu.linkonce.r*)

.rela.rodata
 *(.rela.rodata)
 *(.rela.rodata.*)
 *(.rela.gnu.linkonce.r*)

.rel.data
 *(.rel.data)
 *(.rel.data.*)
 *(.rel.gnu.linkonce.d*)

.rela.data
 *(.rela.data)
 *(.rela.data.*)
 *(.rela.gnu.linkonce.d*)

.rel.ctors
 *(.rel.ctors)

.rela.ctors
 *(.rela.ctors)

.rel.dtors
 *(.rel.dtors)

.rela.dtors
 *(.rela.dtors)

.rel.got
 *(.rel.got)

.rela.got
 *(.rela.got)

.rel.bss
 *(.rel.bss)

.rela.bss
 *(.rela.bss)

.rel.plt
 *(.rel.plt)

.rela.plt
 *(.rela.plt)

.text           0x00000000     0x21f0
 *(.vectors)
 .vectors       0x00000000       0x68 C:/Program Files (x86)/Atmel/Studio/7.0/Packs/atmel/ATmega_DFP/1.3.300/gcc/dev/atmega328p/avr5/crtatmega328p.o
                0x00000000                __vector_default
                0x00000000                __vectors
 *(.vectors)
 *(.progmem.gcc*)
 .progmem.gcc_sw_table.lcdCursorGoTo
                0x00000068       0x6c lcd4d.o
 .progmem.gcc_sw_table.lcdCursorMoveNextLine
                0x000000d4       0x24 lcd4d.o
 .progmem.gcc_sw_table.lcdInit
                0x000000f8       0x24 lcd4d.o
 .progmem.gcc_sw_table.lcdWriteStd
                0x0000011c       0x24 lcd4d.o
                0x00000140                . = ALIGN (0x2)
                0x00000140                __trampolines_start = .
 *(.trampolines)
 .trampolines   0x00000140        0x0 linker stubs
 *(.trampolines*)
                0x00000140                __trampolines_end = .
 *libprintf_flt.a:*(.progmem.data)
 *libc.a:*(.progmem.data)
 *(.progmem*)
                0x00000140                . = ALIGN (0x2)
 *(.jumptables)
 *(.jumptables*)
 *(.lowtext)
 *(.lowtext*)
                0x00000140                __ctors_start = .
 *(.ctors)
                0x00000140                __ctors_end = .
                0x00000140                __dtors_start = .
 *(.dtors)
                0x00000140                __dtors_end = .
 SORT(*)(.ctors)
 SORT(*)(.dtors)
 *(.init0)
 .init0         0x00000140        0x0 C:/Program Files (x86)/Atmel/Studio/7.0/Packs/atmel/ATmega_DFP/1.3.300/gcc/dev/atmega328p/avr5/crtatmega328p.o
                0x00000140                __init
 *(.init0)
 *(.init1)
 *(.init1)
 *(.init2)
 .init2         0x00000140        0xc C:/Program Files (x86)/Atmel/Studio/7.0/Packs/atmel/ATmega_DFP/1.3.300/gcc/dev/atmega328p/avr5/crtatmega328p.o
 *(.init2)
 *(.init3)
 *(.init3)
 *(.init4)
 .init4         0x0000014c       0x16 c:/program files (x86)/atmel/studio/7.0/toolchain/avr8/avr8-gnu-toolchain/bin/../lib/gcc/avr/5.4.0/avr5\libgcc.a(_copy_data.o)
                0x0000014c                __do_copy_data
 .init4         0x00000162       0x10 c:/program files (x86)/atmel/studio/7.0/toolchain/avr8/avr8-gnu-toolchain/bin/../lib/gcc/avr/5.4.0/avr5\libgcc.a(_clear_bss.o)
                0x00000162                __do_clear_bss
 *(.init4)
 *(.init5)
 *(.init5)
 *(.init6)
 *(.init6)
 *(.init7)
 *(.init7)
 *(.init8)
 *(.init8)
 *(.init9)
 .init9         0x00000172        0x6 C:/Program Files (x86)/Atmel/Studio/7.0/Packs/atmel/ATmega_DFP/1.3.300/gcc/dev/atmega328p/avr5/crtatmega328p.o
 *(.init9)
 *(.text)
 .text          0x00000178        0x2 C:/Program Files (x86)/Atmel/Studio/7.0/Packs/atmel/ATmega_DFP/1.3.300/gcc/dev/atmega328p/avr5/crtatmega328p.o
                0x00000178                __vector_22
                0x00000178                __vector_1
                0x00000178                __vector_24
                0x00000178                __vector_12
                0x00000178                __bad_interrupt
                0x00000178                __vector_6
                0x00000178                __vector_3
                0x00000178                __vector_23
                0x00000178                __vector_25
                0x00000178                __vector_11
                0x00000178                __vector_13
                0x00000178                __vector_17
                0x00000178                __vector_19
                0x00000178                __vector_7
                0x00000178                __vector_5
                0x00000178                __vector_4
                0x00000178                __vector_9
                0x00000178                __vector_2
                0x00000178                __vector_21
                0x00000178                __vector_15
                0x00000178                __vector_8
                0x00000178                __vector_14
                0x00000178                __vector_10
                0x00000178                __vector_16
                0x00000178                __vector_18
                0x00000178                __vector_20
                0x0000017a                . = ALIGN (0x2)
 *(.text.*)
 .text.main     0x0000017a      0x58c Access_Control.o
                0x0000017a                main
 .text.eepromSetOperationMode
                0x00000706       0x12 ATmega328.o
                0x00000706                eepromSetOperationMode
 .text.eepromWrite
                0x00000718       0x1a ATmega328.o
                0x00000718                eepromWrite
 .text.eepromRead
                0x00000732       0x10 ATmega328.o
                0x00000732                eepromRead
 .text.keypadResetConfiguration
                0x00000742       0x64 keypad.o
                0x00000742                keypadResetConfiguration
 .text.keypadSetPort
                0x000007a6       0x56 keypad.o
                0x000007a6                keypadSetPort
 .text.keypadSetKeys
                0x000007fc      0x158 keypad.o
                0x000007fc                keypadSetKeys
 .text.keypadInit
                0x00000954      0x240 keypad.o
                0x00000954                keypadInit
 .text.keypadRead
                0x00000b94      0x180 keypad.o
                0x00000b94                keypadRead
 .text.lcdResetConfiguration
                0x00000d14       0x7c lcd4d.o
                0x00000d14                lcdResetConfiguration
 .text.lcdSetDataPort
                0x00000d90       0x1e lcd4d.o
                0x00000d90                lcdSetDataPort
 .text.lcdSetControlPort
                0x00000dae       0x32 lcd4d.o
                0x00000dae                lcdSetControlPort
 .text.lcdStdio
                0x00000de0       0x2c lcd4d.o
                0x00000de0                lcdStdio
 .text.lcdWriteCommand
                0x00000e0c      0x1a8 lcd4d.o
                0x00000e0c                lcdWriteCommand
 .text.lcdClearScreen
                0x00000fb4       0x12 lcd4d.o
                0x00000fb4                lcdClearScreen
 .text.lcdCursorGoTo
                0x00000fc6      0x162 lcd4d.o
                0x00000fc6                lcdCursorGoTo
 .text.lcdCursorMoveNextLine
                0x00001128       0xc8 lcd4d.o
                0x00001128                lcdCursorMoveNextLine
 .text.lcdCursorMove
                0x000011f0       0x48 lcd4d.o
                0x000011f0                lcdCursorMove
 .text.lcdFunctionSet8Bits
                0x00001238       0xe8 lcd4d.o
                0x00001238                lcdFunctionSet8Bits
 .text.lcdInit  0x00001320      0x290 lcd4d.o
                0x00001320                lcdInit
 .text.lcdWriteCharacter
                0x000015b0      0x1a4 lcd4d.o
                0x000015b0                lcdWriteCharacter
 .text.lcdWriteStd
                0x00001754       0xb8 lcd4d.o
                0x00001754                lcdWriteStd
 .text.libgcc   0x0000180c        0xc c:/program files (x86)/atmel/studio/7.0/toolchain/avr8/avr8-gnu-toolchain/bin/../lib/gcc/avr/5.4.0/avr5\libgcc.a(_tablejump2.o)
                0x0000180c                __tablejump2__
 .text.avr-libc
                0x00001818      0x242 c:/program files (x86)/atmel/studio/7.0/toolchain/avr8/avr8-gnu-toolchain/bin/../lib/gcc/avr/5.4.0/../../../../avr/lib/avr5\libc.a(malloc.o)
                0x00001818                malloc
                0x00001948                free
 .text.avr-libc
                0x00001a5a      0x17e c:/program files (x86)/atmel/studio/7.0/toolchain/avr8/avr8-gnu-toolchain/bin/../lib/gcc/avr/5.4.0/../../../../avr/lib/avr5\libc.a(realloc.o)
                0x00001a5a                realloc
 .text.avr-libc
                0x00001bd8       0x12 c:/program files (x86)/atmel/studio/7.0/toolchain/avr8/avr8-gnu-toolchain/bin/../lib/gcc/avr/5.4.0/../../../../avr/lib/avr5\libc.a(memcpy.o)
                0x00001bd8                memcpy
 .text.avr-libc
                0x00001bea       0x26 c:/program files (x86)/atmel/studio/7.0/toolchain/avr8/avr8-gnu-toolchain/bin/../lib/gcc/avr/5.4.0/../../../../avr/lib/avr5\libc.a(printf.o)
                0x00001bea                printf
 .text.avr-libc
                0x00001c10        0xa c:/program files (x86)/atmel/studio/7.0/toolchain/avr8/avr8-gnu-toolchain/bin/../lib/gcc/avr/5.4.0/../../../../avr/lib/avr5\libc.a(putchar.o)
                0x00001c10                putchar
 .text.avr-libc
                0x00001c1a       0x60 c:/program files (x86)/atmel/studio/7.0/toolchain/avr8/avr8-gnu-toolchain/bin/../lib/gcc/avr/5.4.0/../../../../avr/lib/avr5\libc.a(puts.o)
                0x00001c1a                puts
 .text.avr-libc
                0x00001c7a      0x3a4 c:/program files (x86)/atmel/studio/7.0/toolchain/avr8/avr8-gnu-toolchain/bin/../lib/gcc/avr/5.4.0/../../../../avr/lib/avr5\libc.a(vfprintf_std.o)
                0x00001c7a                vfprintf
 .text.avr-libc
                0x0000201e       0x16 c:/program files (x86)/atmel/studio/7.0/toolchain/avr8/avr8-gnu-toolchain/bin/../lib/gcc/avr/5.4.0/../../../../avr/lib/avr5\libc.a(strnlen_P.o)
                0x0000201e                strnlen_P
 .text.avr-libc
                0x00002034       0x16 c:/program files (x86)/atmel/studio/7.0/toolchain/avr8/avr8-gnu-toolchain/bin/../lib/gcc/avr/5.4.0/../../../../avr/lib/avr5\libc.a(strnlen.o)
                0x00002034                strnlen
 .text.avr-libc
                0x0000204a       0x78 c:/program files (x86)/atmel/studio/7.0/toolchain/avr8/avr8-gnu-toolchain/bin/../lib/gcc/avr/5.4.0/../../../../avr/lib/avr5\libc.a(fputc.o)
                0x0000204a                fputc
 .text.avr-libc
                0x000020c2       0xbc c:/program files (x86)/atmel/studio/7.0/toolchain/avr8/avr8-gnu-toolchain/bin/../lib/gcc/avr/5.4.0/../../../../avr/lib/avr5\libc.a(ultoa_invert.o)
                0x000020c2                __ultoa_invert
 .text.libgcc.prologue
                0x0000217e       0x38 c:/program files (x86)/atmel/studio/7.0/toolchain/avr8/avr8-gnu-toolchain/bin/../lib/gcc/avr/5.4.0/avr5\libgcc.a(_prologue.o)
                0x0000217e                __prologue_saves__
 .text.libgcc.prologue
                0x000021b6       0x36 c:/program files (x86)/atmel/studio/7.0/toolchain/avr8/avr8-gnu-toolchain/bin/../lib/gcc/avr/5.4.0/avr5\libgcc.a(_epilogue.o)
                0x000021b6                __epilogue_restores__
                0x000021ec                . = ALIGN (0x2)
 *(.fini9)
 .fini9         0x000021ec        0x0 c:/program files (x86)/atmel/studio/7.0/toolchain/avr8/avr8-gnu-toolchain/bin/../lib/gcc/avr/5.4.0/avr5\libgcc.a(_exit.o)
                0x000021ec                _exit
                0x000021ec                exit
 *(.fini9)
 *(.fini8)
 *(.fini8)
 *(.fini7)
 *(.fini7)
 *(.fini6)
 *(.fini6)
 *(.fini5)
 *(.fini5)
 *(.fini4)
 *(.fini4)
 *(.fini3)
 *(.fini3)
 *(.fini2)
 *(.fini2)
 *(.fini1)
 *(.fini1)
 *(.fini0)
 .fini0         0x000021ec        0x4 c:/program files (x86)/atmel/studio/7.0/toolchain/avr8/avr8-gnu-toolchain/bin/../lib/gcc/avr/5.4.0/avr5\libgcc.a(_exit.o)
 *(.fini0)
                0x000021f0                _etext = .

.data           0x00800100      0x114 load address 0x000021f0
                0x00800100                PROVIDE (__data_start, .)
 *(.data)
 .data          0x00800100        0x6 c:/program files (x86)/atmel/studio/7.0/toolchain/avr8/avr8-gnu-toolchain/bin/../lib/gcc/avr/5.4.0/../../../../avr/lib/avr5\libc.a(malloc.o)
                0x00800100                __malloc_heap_end
                0x00800102                __malloc_heap_start
                0x00800104                __malloc_margin
 *(.data*)
 .data.keypad   0x00800106        0xf Access_Control.o
                0x00800106                keypad
 .data.lcd_display
                0x00800115        0xd Access_Control.o
                0x00800115                lcd_display
 .data.lcdStream
                0x00800122        0xe lcd4d.o
                0x00800122                lcdStream
 *(.gnu.linkonce.d*)
 *(.rodata)
 *(.rodata*)
 .rodata.str1.1
                0x00800130       0xe3 Access_Control.o
 *(.gnu.linkonce.r*)
                0x00800214                . = ALIGN (0x2)
 *fill*         0x00800213        0x1 
                0x00800214                _edata = .
                0x00800214                PROVIDE (__data_end, .)

.bss            0x00800214        0xd
                0x00800214                PROVIDE (__bss_start, .)
 *(.bss)
 *(.bss*)
 .bss.defaultDisplay
                0x00800214        0x2 lcd4d.o
                0x00800214                defaultDisplay
 *(COMMON)
 COMMON         0x00800216        0x1 Access_Control.o
                0x00800216                systemFlags
 COMMON         0x00800217        0x4 c:/program files (x86)/atmel/studio/7.0/toolchain/avr8/avr8-gnu-toolchain/bin/../lib/gcc/avr/5.4.0/../../../../avr/lib/avr5\libc.a(malloc.o)
                0x00800217                __brkval
                0x00800219                __flp
 COMMON         0x0080021b        0x6 c:/program files (x86)/atmel/studio/7.0/toolchain/avr8/avr8-gnu-toolchain/bin/../lib/gcc/avr/5.4.0/../../../../avr/lib/avr5\libc.a(iob.o)
                0x0080021b                __iob
                0x00800221                PROVIDE (__bss_end, .)
                0x000021f0                __data_load_start = LOADADDR (.data)
                0x00002304                __data_load_end = (__data_load_start + SIZEOF (.data))

.noinit         0x00800221        0x0
                [!provide]                PROVIDE (__noinit_start, .)
 *(.noinit*)
                [!provide]                PROVIDE (__noinit_end, .)
                0x00800221                _end = .
                0x00800221                PROVIDE (__heap_start, .)

.eeprom         0x00810000        0x0
 *(.eeprom*)
                0x00810000                __eeprom_end = .

.fuse
 *(.fuse)
 *(.lfuse)
 *(.hfuse)
 *(.efuse)

.lock
 *(.lock*)

.signature
 *(.signature*)

.user_signatures
 *(.user_signatures*)

.stab
 *(.stab)

.stabstr
 *(.stabstr)

.stab.excl
 *(.stab.excl)

.stab.exclstr
 *(.stab.exclstr)

.stab.index
 *(.stab.index)

.stab.indexstr
 *(.stab.indexstr)

.comment        0x00000000       0x5c
 *(.comment)
 .comment       0x00000000       0x30 Access_Control.o
                                 0x31 (size before relaxing)
 .comment       0x00000030       0x31 ATmega328.o
 .comment       0x00000030       0x31 keypad.o
 .comment       0x00000030       0x31 lcd4d.o
 .comment       0x00000030       0x31 c:/program files (x86)/atmel/studio/7.0/toolchain/avr8/avr8-gnu-toolchain/bin/../lib/gcc/avr/5.4.0/../../../../avr/lib/avr5\libc.a(malloc.o)
 .comment       0x00000030       0x31 c:/program files (x86)/atmel/studio/7.0/toolchain/avr8/avr8-gnu-toolchain/bin/../lib/gcc/avr/5.4.0/../../../../avr/lib/avr5\libc.a(realloc.o)
 .comment       0x00000030       0x31 c:/program files (x86)/atmel/studio/7.0/toolchain/avr8/avr8-gnu-toolchain/bin/../lib/gcc/avr/5.4.0/../../../../avr/lib/avr5\libc.a(iob.o)
 .comment       0x00000030       0x31 c:/program files (x86)/atmel/studio/7.0/toolchain/avr8/avr8-gnu-toolchain/bin/../lib/gcc/avr/5.4.0/../../../../avr/lib/avr5\libc.a(printf.o)
 .comment       0x00000030       0x31 c:/program files (x86)/atmel/studio/7.0/toolchain/avr8/avr8-gnu-toolchain/bin/../lib/gcc/avr/5.4.0/../../../../avr/lib/avr5\libc.a(putchar.o)
 .comment       0x00000030       0x31 c:/program files (x86)/atmel/studio/7.0/toolchain/avr8/avr8-gnu-toolchain/bin/../lib/gcc/avr/5.4.0/../../../../avr/lib/avr5\libc.a(puts.o)
 .comment       0x00000030       0x2c c:/program files (x86)/atmel/studio/7.0/toolchain/avr8/avr8-gnu-toolchain/bin/../lib/gcc/avr/5.4.0/../../../../avr/lib/avr5\libc.a(vfprintf_std.o)
                                 0x2d (size before relaxing)
 .comment       0x0000005c       0x31 c:/program files (x86)/atmel/studio/7.0/toolchain/avr8/avr8-gnu-toolchain/bin/../lib/gcc/avr/5.4.0/../../../../avr/lib/avr5\libc.a(fputc.o)

.note.gnu.avr.deviceinfo
                0x00000000       0x40
 .note.gnu.avr.deviceinfo
                0x00000000       0x40 C:/Program Files (x86)/Atmel/Studio/7.0/Packs/atmel/ATmega_DFP/1.3.300/gcc/dev/atmega328p/avr5/crtatmega328p.o

.note.gnu.build-id
 *(.note.gnu.build-id)

.debug
 *(.debug)

.line
 *(.line)

.debug_srcinfo
 *(.debug_srcinfo)

.debug_sfnames
 *(.debug_sfnames)

.debug_aranges  0x00000000      0x6c8
 *(.debug_aranges)
 .debug_aranges
                0x00000000       0x20 Access_Control.o
 .debug_aranges
                0x00000020      0x5b0 ATmega328.o
 .debug_aranges
                0x000005d0       0x40 keypad.o
 .debug_aranges
                0x00000610       0xb8 lcd4d.o

.debug_pubnames
 *(.debug_pubnames)

.debug_info     0x00000000     0x4fb3
 *(.debug_info .gnu.linkonce.wi.*)
 .debug_info    0x00000000      0x5f4 C:/Program Files (x86)/Atmel/Studio/7.0/Packs/atmel/ATmega_DFP/1.3.300/gcc/dev/atmega328p/avr5/crtatmega328p.o
 .debug_info    0x000005f4      0xecf Access_Control.o
 .debug_info    0x000014c3     0x2481 ATmega328.o
 .debug_info    0x00003944      0x4d9 keypad.o
 .debug_info    0x00003e1d     0x1196 lcd4d.o

.debug_abbrev   0x00000000      0xfe8
 *(.debug_abbrev)
 .debug_abbrev  0x00000000      0x5a2 C:/Program Files (x86)/Atmel/Studio/7.0/Packs/atmel/ATmega_DFP/1.3.300/gcc/dev/atmega328p/avr5/crtatmega328p.o
 .debug_abbrev  0x000005a2      0x228 Access_Control.o
 .debug_abbrev  0x000007ca      0x389 ATmega328.o
 .debug_abbrev  0x00000b53      0x19e keypad.o
 .debug_abbrev  0x00000cf1      0x2f7 lcd4d.o

.debug_line     0x00000000     0x399f
 *(.debug_line .debug_line.* .debug_line_end)
 .debug_line    0x00000000      0x133 C:/Program Files (x86)/Atmel/Studio/7.0/Packs/atmel/ATmega_DFP/1.3.300/gcc/dev/atmega328p/avr5/crtatmega328p.o
 .debug_line    0x00000133      0x6b0 Access_Control.o
 .debug_line    0x000007e3     0x2070 ATmega328.o
 .debug_line    0x00002853      0x5c5 keypad.o
 .debug_line    0x00002e18      0xb87 lcd4d.o

.debug_frame    0x00000000      0xe94
 *(.debug_frame)
 .debug_frame   0x00000000       0x38 Access_Control.o
 .debug_frame   0x00000038      0xbc0 ATmega328.o
 .debug_frame   0x00000bf8       0xf0 keypad.o
 .debug_frame   0x00000ce8      0x1ac lcd4d.o

.debug_str      0x00000000     0xb691
 *(.debug_str)
 .debug_str     0x00000000      0x208 C:/Program Files (x86)/Atmel/Studio/7.0/Packs/atmel/ATmega_DFP/1.3.300/gcc/dev/atmega328p/avr5/crtatmega328p.o
 .debug_str     0x00000208     0x8ff1 Access_Control.o
                               0x923b (size before relaxing)
 .debug_str     0x000091f9     0x21b0 ATmega328.o
                               0xa214 (size before relaxing)
 .debug_str     0x0000b3a9       0xdf keypad.o
                               0x7d7f (size before relaxing)
 .debug_str     0x0000b488      0x209 lcd4d.o
                               0x808f (size before relaxing)

.debug_loc      0x00000000     0x3716
 *(.debug_loc)
 .debug_loc     0x00000000      0x588 Access_Control.o
 .debug_loc     0x00000588     0x1848 ATmega328.o
 .debug_loc     0x00001dd0      0x570 keypad.o
 .debug_loc     0x00002340     0x13d6 lcd4d.o

.debug_macinfo
 *(.debug_macinfo)

.debug_weaknames
 *(.debug_weaknames)

.debug_funcnames
 *(.debug_funcnames)

.debug_typenames
 *(.debug_typenames)

.debug_varnames
 *(.debug_varnames)

.debug_pubtypes
 *(.debug_pubtypes)

.debug_ranges   0x00000000      0x6a8
 *(.debug_ranges)
 .debug_ranges  0x00000000       0x10 Access_Control.o
 .debug_ranges  0x00000010      0x5c0 ATmega328.o
 .debug_ranges  0x000005d0       0x30 keypad.o
 .debug_ranges  0x00000600       0xa8 lcd4d.o

.debug_macro    0x00000000     0x365c
 *(.debug_macro)
 .debug_macro   0x00000000      0x1ab Access_Control.o
 .debug_macro   0x000001ab      0xa4e Access_Control.o
 .debug_macro   0x00000bf9       0x10 Access_Control.o
 .debug_macro   0x00000c09      0x1c9 Access_Control.o
 .debug_macro   0x00000dd2      0x2fc Access_Control.o
 .debug_macro   0x000010ce       0x9e Access_Control.o
 .debug_macro   0x0000116c     0x1410 Access_Control.o
 .debug_macro   0x0000257c      0x13a Access_Control.o
 .debug_macro   0x000026b6       0xbd Access_Control.o
 .debug_macro   0x00002773       0x34 Access_Control.o
 .debug_macro   0x000027a7       0x18 Access_Control.o
 .debug_macro   0x000027bf       0x6c Access_Control.o
 .debug_macro   0x0000282b      0x16d Access_Control.o
 .debug_macro   0x00002998       0x39 Access_Control.o
 .debug_macro   0x000029d1       0x16 Access_Control.o
 .debug_macro   0x000029e7       0x35 Access_Control.o
 .debug_macro   0x00002a1c       0x10 Access_Control.o
 .debug_macro   0x00002a2c       0x69 Access_Control.o
 .debug_macro   0x00002a95       0x10 Access_Control.o
 .debug_macro   0x00002aa5      0x160 Access_Control.o
 .debug_macro   0x00002c05       0x58 Access_Control.o
 .debug_macro   0x00002c5d       0x10 Access_Control.o
 .debug_macro   0x00002c6d       0xf2 Access_Control.o
 .debug_macro   0x00002d5f       0x46 Access_Control.o
 .debug_macro   0x00002da5       0x10 Access_Control.o
 .debug_macro   0x00002db5       0x34 Access_Control.o
 .debug_macro   0x00002de9      0x10c Access_Control.o
 .debug_macro   0x00002ef5       0x83 Access_Control.o
 .debug_macro   0x00002f78       0x1c Access_Control.o
 .debug_macro   0x00002f94       0x5a Access_Control.o
 .debug_macro   0x00002fee       0xf7 ATmega328.o
 .debug_macro   0x000030e5       0x10 ATmega328.o
 .debug_macro   0x000030f5      0x166 ATmega328.o
 .debug_macro   0x0000325b       0x97 ATmega328.o
 .debug_macro   0x000032f2      0x107 keypad.o
 .debug_macro   0x000033f9       0x97 keypad.o
 .debug_macro   0x00003490       0x60 keypad.o
 .debug_macro   0x000034f0       0xef lcd4d.o
 .debug_macro   0x000035df       0x7d lcd4d.o
OUTPUT(Access_Control.elf elf32-avr)
LOAD linker stubs
